// Vitest Snapshot v1, https://vitest.dev/guide/snapshot.html

exports[`compiled manifest snapshot > keeps stable public flow structure 1`] = `
[
  {
    "hiddenFromLandingPage": false,
    "id": "bacteriurie",
    "optionValues": {
      "q_bac_catheter": [
        "yes",
        "no",
      ],
      "q_bac_elderly": [
        "symptomatic_multiple",
        "symptomatic_single_severe",
        "asymptomatic",
      ],
      "q_bac_risk": [
        "healthy",
        "vulnerable_diabetes_immunocompromised",
        "vulnerable_renal_urologic",
        "vulnerable_neurologic_bladder",
        "elderly",
        "pregnant",
        "men",
        "children",
      ],
      "q_bac_sex": [
        "male",
        "female",
      ],
      "q_bac_sex_ti": [
        "male",
        "female",
      ],
      "q_bac_tissue": [
        "local",
        "tissueInvasion",
      ],
      "q_bac_tx_local_children": [
        "0",
        "1",
      ],
      "q_bac_tx_local_elderly_men": [
        "0",
        "1",
      ],
      "q_bac_tx_local_elderly_vuln": [
        "0",
        "1",
        "2",
      ],
      "q_bac_tx_local_healthy": [
        "0",
        "1",
        "2",
        "3",
      ],
      "q_bac_tx_local_men": [
        "0",
        "1",
      ],
      "q_bac_tx_local_pregnant": [
        "0",
        "1",
      ],
      "q_bac_tx_local_vulnerable": [
        "0",
        "1",
        "2",
      ],
      "q_bac_tx_ti_cad_men": [
        "0",
        "1",
        "2",
      ],
      "q_bac_tx_ti_cad_woman": [
        "0",
        "1",
        "2",
      ],
      "q_bac_tx_ti_children": [
        "0",
        "1",
      ],
      "q_bac_tx_ti_elderly_men": [
        "0",
        "1",
        "2",
      ],
      "q_bac_tx_ti_elderly_woman": [
        "0",
        "1",
        "2",
      ],
      "q_bac_tx_ti_healthy": [
        "0",
        "1",
        "2",
      ],
      "q_bac_tx_ti_men": [
        "0",
        "1",
        "2",
      ],
      "q_bac_tx_ti_vuln_cath": [
        "0",
        "1",
        "2",
      ],
      "q_bac_tx_ti_vulnerable": [
        "0",
        "1",
        "2",
      ],
    },
    "questionIds": [
      "q_bac_tissue",
      "q_bac_risk",
      "q_bac_elderly",
      "q_bac_sex",
      "q_bac_sex_ti",
      "q_bac_catheter",
      "q_bac_tx_local_healthy",
      "q_bac_tx_local_vulnerable",
      "q_bac_tx_local_pregnant",
      "q_bac_tx_local_men",
      "q_bac_tx_local_children",
      "q_bac_tx_local_elderly_vuln",
      "q_bac_tx_local_elderly_men",
      "q_bac_tx_ti_healthy",
      "q_bac_tx_ti_vulnerable",
      "q_bac_tx_ti_men",
      "q_bac_tx_ti_children",
      "q_bac_tx_ti_cad_woman",
      "q_bac_tx_ti_cad_men",
      "q_bac_tx_ti_elderly_woman",
      "q_bac_tx_ti_elderly_men",
      "q_bac_tx_ti_vuln_cath",
    ],
    "resultKeys": [
      "triage.u2",
      "triage.u3",
      "uti.local.cadMen",
      "uti.local.children.0",
      "uti.local.children.1",
      "uti.local.elderly",
      "uti.local.healthy.0",
      "uti.local.healthy.1",
      "uti.local.healthy.2",
      "uti.local.healthy.3",
      "uti.local.men.0",
      "uti.local.men.1",
      "uti.local.pregnant.0",
      "uti.local.pregnant.1",
      "uti.local.vulnerable.0",
      "uti.local.vulnerable.1",
      "uti.local.vulnerable.2",
      "uti.tissueInvasion.cadMen.0",
      "uti.tissueInvasion.cadMen.1",
      "uti.tissueInvasion.cadMen.2",
      "uti.tissueInvasion.cadWoman.0",
      "uti.tissueInvasion.cadWoman.1",
      "uti.tissueInvasion.cadWoman.2",
      "uti.tissueInvasion.children.0",
      "uti.tissueInvasion.children.1",
      "uti.tissueInvasion.healthy.0",
      "uti.tissueInvasion.healthy.1",
      "uti.tissueInvasion.healthy.2",
      "uti.tissueInvasion.men.0",
      "uti.tissueInvasion.men.1",
      "uti.tissueInvasion.men.2",
      "uti.tissueInvasion.pregnant",
      "uti.tissueInvasion.vulnerable.0",
      "uti.tissueInvasion.vulnerable.1",
      "uti.tissueInvasion.vulnerable.2",
    ],
    "rules": [
      {
        "actionType": "showResult",
        "id": "bacteriurie-rule-1",
        "redirectToQuestionnaire": undefined,
        "resultKey": "triage.u2",
      },
      {
        "actionType": "showResult",
        "id": "bacteriurie-rule-2",
        "redirectToQuestionnaire": undefined,
        "resultKey": "triage.u3",
      },
      {
        "actionType": "showResult",
        "id": "bacteriurie-rule-3",
        "redirectToQuestionnaire": undefined,
        "resultKey": "triage.u3",
      },
      {
        "actionType": "showResult",
        "id": "bacteriurie-rule-4",
        "redirectToQuestionnaire": undefined,
        "resultKey": "triage.u3",
      },
      {
        "actionType": "showResult",
        "id": "bacteriurie-rule-5",
        "redirectToQuestionnaire": undefined,
        "resultKey": "triage.u3",
      },
      {
        "actionType": "showResult",
        "id": "bacteriurie-rule-6",
        "redirectToQuestionnaire": undefined,
        "resultKey": "triage.u3",
      },
      {
        "actionType": "showResult",
        "id": "bacteriurie-rule-7",
        "redirectToQuestionnaire": undefined,
        "resultKey": "triage.u3",
      },
      {
        "actionType": "showResult",
        "id": "bacteriurie-rule-8",
        "redirectToQuestionnaire": undefined,
        "resultKey": "uti.tissueInvasion.pregnant",
      },
      {
        "actionType": "showResult",
        "id": "bacteriurie-rule-9",
        "redirectToQuestionnaire": undefined,
        "resultKey": "uti.local.elderly",
      },
      {
        "actionType": "showResult",
        "id": "bacteriurie-rule-10",
        "redirectToQuestionnaire": undefined,
        "resultKey": "uti.local.cadMen",
      },
      {
        "actionType": "showResult",
        "id": "bacteriurie-rule-11",
        "redirectToQuestionnaire": undefined,
        "resultKey": "uti.local.cadMen",
      },
      {
        "actionType": "showResult",
        "id": "bacteriurie-rule-12",
        "redirectToQuestionnaire": undefined,
        "resultKey": "uti.local.cadMen",
      },
      {
        "actionType": "showResult",
        "id": "bacteriurie-rule-13",
        "redirectToQuestionnaire": undefined,
        "resultKey": "uti.local.cadMen",
      },
      {
        "actionType": "showResult",
        "id": "bacteriurie-rule-14",
        "redirectToQuestionnaire": undefined,
        "resultKey": "uti.local.healthy.0",
      },
      {
        "actionType": "showResult",
        "id": "bacteriurie-rule-15",
        "redirectToQuestionnaire": undefined,
        "resultKey": "uti.local.healthy.1",
      },
      {
        "actionType": "showResult",
        "id": "bacteriurie-rule-16",
        "redirectToQuestionnaire": undefined,
        "resultKey": "uti.local.healthy.2",
      },
      {
        "actionType": "showResult",
        "id": "bacteriurie-rule-17",
        "redirectToQuestionnaire": undefined,
        "resultKey": "uti.local.healthy.3",
      },
      {
        "actionType": "showResult",
        "id": "bacteriurie-rule-18",
        "redirectToQuestionnaire": undefined,
        "resultKey": "uti.local.vulnerable.0",
      },
      {
        "actionType": "showResult",
        "id": "bacteriurie-rule-19",
        "redirectToQuestionnaire": undefined,
        "resultKey": "uti.local.vulnerable.1",
      },
      {
        "actionType": "showResult",
        "id": "bacteriurie-rule-20",
        "redirectToQuestionnaire": undefined,
        "resultKey": "uti.local.vulnerable.2",
      },
      {
        "actionType": "showResult",
        "id": "bacteriurie-rule-21",
        "redirectToQuestionnaire": undefined,
        "resultKey": "uti.local.pregnant.0",
      },
      {
        "actionType": "showResult",
        "id": "bacteriurie-rule-22",
        "redirectToQuestionnaire": undefined,
        "resultKey": "uti.local.pregnant.1",
      },
      {
        "actionType": "showResult",
        "id": "bacteriurie-rule-23",
        "redirectToQuestionnaire": undefined,
        "resultKey": "uti.local.men.0",
      },
      {
        "actionType": "showResult",
        "id": "bacteriurie-rule-24",
        "redirectToQuestionnaire": undefined,
        "resultKey": "uti.local.men.1",
      },
      {
        "actionType": "showResult",
        "id": "bacteriurie-rule-25",
        "redirectToQuestionnaire": undefined,
        "resultKey": "uti.local.children.0",
      },
      {
        "actionType": "showResult",
        "id": "bacteriurie-rule-26",
        "redirectToQuestionnaire": undefined,
        "resultKey": "uti.local.children.1",
      },
      {
        "actionType": "showResult",
        "id": "bacteriurie-rule-27",
        "redirectToQuestionnaire": undefined,
        "resultKey": "uti.local.vulnerable.0",
      },
      {
        "actionType": "showResult",
        "id": "bacteriurie-rule-28",
        "redirectToQuestionnaire": undefined,
        "resultKey": "uti.local.vulnerable.1",
      },
      {
        "actionType": "showResult",
        "id": "bacteriurie-rule-29",
        "redirectToQuestionnaire": undefined,
        "resultKey": "uti.local.vulnerable.2",
      },
      {
        "actionType": "showResult",
        "id": "bacteriurie-rule-30",
        "redirectToQuestionnaire": undefined,
        "resultKey": "uti.local.men.0",
      },
      {
        "actionType": "showResult",
        "id": "bacteriurie-rule-31",
        "redirectToQuestionnaire": undefined,
        "resultKey": "uti.local.men.1",
      },
      {
        "actionType": "showResult",
        "id": "bacteriurie-rule-32",
        "redirectToQuestionnaire": undefined,
        "resultKey": "uti.tissueInvasion.healthy.0",
      },
      {
        "actionType": "showResult",
        "id": "bacteriurie-rule-33",
        "redirectToQuestionnaire": undefined,
        "resultKey": "uti.tissueInvasion.healthy.1",
      },
      {
        "actionType": "showResult",
        "id": "bacteriurie-rule-34",
        "redirectToQuestionnaire": undefined,
        "resultKey": "uti.tissueInvasion.healthy.2",
      },
      {
        "actionType": "showResult",
        "id": "bacteriurie-rule-35",
        "redirectToQuestionnaire": undefined,
        "resultKey": "uti.tissueInvasion.vulnerable.0",
      },
      {
        "actionType": "showResult",
        "id": "bacteriurie-rule-36",
        "redirectToQuestionnaire": undefined,
        "resultKey": "uti.tissueInvasion.vulnerable.1",
      },
      {
        "actionType": "showResult",
        "id": "bacteriurie-rule-37",
        "redirectToQuestionnaire": undefined,
        "resultKey": "uti.tissueInvasion.vulnerable.2",
      },
      {
        "actionType": "showResult",
        "id": "bacteriurie-rule-38",
        "redirectToQuestionnaire": undefined,
        "resultKey": "uti.tissueInvasion.men.0",
      },
      {
        "actionType": "showResult",
        "id": "bacteriurie-rule-39",
        "redirectToQuestionnaire": undefined,
        "resultKey": "uti.tissueInvasion.men.1",
      },
      {
        "actionType": "showResult",
        "id": "bacteriurie-rule-40",
        "redirectToQuestionnaire": undefined,
        "resultKey": "uti.tissueInvasion.men.2",
      },
      {
        "actionType": "showResult",
        "id": "bacteriurie-rule-41",
        "redirectToQuestionnaire": undefined,
        "resultKey": "uti.tissueInvasion.children.0",
      },
      {
        "actionType": "showResult",
        "id": "bacteriurie-rule-42",
        "redirectToQuestionnaire": undefined,
        "resultKey": "uti.tissueInvasion.children.1",
      },
      {
        "actionType": "showResult",
        "id": "bacteriurie-rule-43",
        "redirectToQuestionnaire": undefined,
        "resultKey": "uti.tissueInvasion.cadWoman.0",
      },
      {
        "actionType": "showResult",
        "id": "bacteriurie-rule-44",
        "redirectToQuestionnaire": undefined,
        "resultKey": "uti.tissueInvasion.cadWoman.1",
      },
      {
        "actionType": "showResult",
        "id": "bacteriurie-rule-45",
        "redirectToQuestionnaire": undefined,
        "resultKey": "uti.tissueInvasion.cadWoman.2",
      },
      {
        "actionType": "showResult",
        "id": "bacteriurie-rule-46",
        "redirectToQuestionnaire": undefined,
        "resultKey": "uti.tissueInvasion.cadMen.0",
      },
      {
        "actionType": "showResult",
        "id": "bacteriurie-rule-47",
        "redirectToQuestionnaire": undefined,
        "resultKey": "uti.tissueInvasion.cadMen.1",
      },
      {
        "actionType": "showResult",
        "id": "bacteriurie-rule-48",
        "redirectToQuestionnaire": undefined,
        "resultKey": "uti.tissueInvasion.cadMen.2",
      },
      {
        "actionType": "showResult",
        "id": "bacteriurie-rule-49",
        "redirectToQuestionnaire": undefined,
        "resultKey": "uti.tissueInvasion.vulnerable.0",
      },
      {
        "actionType": "showResult",
        "id": "bacteriurie-rule-50",
        "redirectToQuestionnaire": undefined,
        "resultKey": "uti.tissueInvasion.vulnerable.1",
      },
      {
        "actionType": "showResult",
        "id": "bacteriurie-rule-51",
        "redirectToQuestionnaire": undefined,
        "resultKey": "uti.tissueInvasion.vulnerable.2",
      },
      {
        "actionType": "showResult",
        "id": "bacteriurie-rule-52",
        "redirectToQuestionnaire": undefined,
        "resultKey": "uti.tissueInvasion.men.0",
      },
      {
        "actionType": "showResult",
        "id": "bacteriurie-rule-53",
        "redirectToQuestionnaire": undefined,
        "resultKey": "uti.tissueInvasion.men.1",
      },
      {
        "actionType": "showResult",
        "id": "bacteriurie-rule-54",
        "redirectToQuestionnaire": undefined,
        "resultKey": "uti.tissueInvasion.men.2",
      },
      {
        "actionType": "showResult",
        "id": "bacteriurie-rule-55",
        "redirectToQuestionnaire": undefined,
        "resultKey": "uti.tissueInvasion.vulnerable.0",
      },
      {
        "actionType": "showResult",
        "id": "bacteriurie-rule-56",
        "redirectToQuestionnaire": undefined,
        "resultKey": "uti.tissueInvasion.vulnerable.1",
      },
      {
        "actionType": "showResult",
        "id": "bacteriurie-rule-57",
        "redirectToQuestionnaire": undefined,
        "resultKey": "uti.tissueInvasion.vulnerable.2",
      },
    ],
    "version": "1",
  },
  {
    "hiddenFromLandingPage": false,
    "id": "dipslide",
    "optionValues": {
      "q_ds_cled": [
        "positive",
        "negative",
      ],
      "q_ds_macconkey": [
        "positive",
        "negative",
      ],
    },
    "questionIds": [
      "q_ds_macconkey",
      "q_ds_cled",
    ],
    "resultKeys": [
      "other.negativeDipslide",
    ],
    "rules": [
      {
        "actionType": "redirectToQuestionnaire",
        "id": "dipslide-rule-1",
        "redirectToQuestionnaire": "bacteriurie",
        "resultKey": undefined,
      },
      {
        "actionType": "redirectToQuestionnaire",
        "id": "dipslide-rule-2",
        "redirectToQuestionnaire": "bacteriurie",
        "resultKey": undefined,
      },
      {
        "actionType": "showResult",
        "id": "dipslide-rule-3",
        "redirectToQuestionnaire": undefined,
        "resultKey": "other.negativeDipslide",
      },
    ],
    "version": "1",
  },
  {
    "hiddenFromLandingPage": false,
    "id": "gezonde-vrouwen",
    "optionValues": {
      "q_gv_checklist": [
        "1",
        "2",
        "3",
        "4",
        "5",
        "6",
        "7",
      ],
      "q_gv_treatment": [
        "0",
        "1",
        "2",
        "3",
      ],
    },
    "questionIds": [
      "q_gv_checklist",
      "q_gv_treatment",
    ],
    "resultKeys": [
      "other.ruleNotApplicable",
      "uti.local.healthy.0",
      "uti.local.healthy.1",
      "uti.local.healthy.2",
      "uti.local.healthy.3",
    ],
    "rules": [
      {
        "actionType": "showResult",
        "id": "gezonde-vrouwen-rule-1",
        "redirectToQuestionnaire": undefined,
        "resultKey": "other.ruleNotApplicable",
      },
      {
        "actionType": "showResult",
        "id": "gezonde-vrouwen-rule-2",
        "redirectToQuestionnaire": undefined,
        "resultKey": "other.ruleNotApplicable",
      },
      {
        "actionType": "showResult",
        "id": "gezonde-vrouwen-rule-3",
        "redirectToQuestionnaire": undefined,
        "resultKey": "other.ruleNotApplicable",
      },
      {
        "actionType": "showResult",
        "id": "gezonde-vrouwen-rule-4",
        "redirectToQuestionnaire": undefined,
        "resultKey": "other.ruleNotApplicable",
      },
      {
        "actionType": "showResult",
        "id": "gezonde-vrouwen-rule-5",
        "redirectToQuestionnaire": undefined,
        "resultKey": "other.ruleNotApplicable",
      },
      {
        "actionType": "showResult",
        "id": "gezonde-vrouwen-rule-6",
        "redirectToQuestionnaire": undefined,
        "resultKey": "other.ruleNotApplicable",
      },
      {
        "actionType": "showResult",
        "id": "gezonde-vrouwen-rule-7",
        "redirectToQuestionnaire": undefined,
        "resultKey": "other.ruleNotApplicable",
      },
      {
        "actionType": "showResult",
        "id": "gezonde-vrouwen-rule-8",
        "redirectToQuestionnaire": undefined,
        "resultKey": "uti.local.healthy.0",
      },
      {
        "actionType": "showResult",
        "id": "gezonde-vrouwen-rule-9",
        "redirectToQuestionnaire": undefined,
        "resultKey": "uti.local.healthy.1",
      },
      {
        "actionType": "showResult",
        "id": "gezonde-vrouwen-rule-10",
        "redirectToQuestionnaire": undefined,
        "resultKey": "uti.local.healthy.2",
      },
      {
        "actionType": "showResult",
        "id": "gezonde-vrouwen-rule-11",
        "redirectToQuestionnaire": undefined,
        "resultKey": "uti.local.healthy.3",
      },
    ],
    "version": "1",
  },
  {
    "hiddenFromLandingPage": false,
    "id": "hematurie",
    "optionValues": {
      "q_hematuria_type": [
        "visible",
        "proteinuria",
        "microscopic",
      ],
    },
    "questionIds": [
      "q_hematuria_type",
    ],
    "resultKeys": [
      "blood.microscopicHematuria",
      "blood.proteinuria",
      "blood.visibleHematuria",
    ],
    "rules": [
      {
        "actionType": "showResult",
        "id": "hematurie-rule-1",
        "redirectToQuestionnaire": undefined,
        "resultKey": "blood.visibleHematuria",
      },
      {
        "actionType": "showResult",
        "id": "hematurie-rule-2",
        "redirectToQuestionnaire": undefined,
        "resultKey": "blood.proteinuria",
      },
      {
        "actionType": "showResult",
        "id": "hematurie-rule-3",
        "redirectToQuestionnaire": undefined,
        "resultKey": "blood.microscopicHematuria",
      },
    ],
    "version": "1",
  },
  {
    "hiddenFromLandingPage": false,
    "id": "kweek",
    "optionValues": {
      "q_kweek_result": [
        "positive",
        "ambiguous",
        "negative",
      ],
    },
    "questionIds": [
      "q_kweek_result",
    ],
    "resultKeys": [
      "other.ambiguousCulture",
      "other.noUrineTractInfection",
    ],
    "rules": [
      {
        "actionType": "redirectToQuestionnaire",
        "id": "kweek-rule-1",
        "redirectToQuestionnaire": "bacteriurie",
        "resultKey": undefined,
      },
      {
        "actionType": "showResult",
        "id": "kweek-rule-2",
        "redirectToQuestionnaire": undefined,
        "resultKey": "other.ambiguousCulture",
      },
      {
        "actionType": "showResult",
        "id": "kweek-rule-3",
        "redirectToQuestionnaire": undefined,
        "resultKey": "other.noUrineTractInfection",
      },
    ],
    "version": "1",
  },
  {
    "hiddenFromLandingPage": false,
    "id": "leukocyturie",
    "optionValues": {
      "q_leuk_followup_child": [
        "dipslide",
        "urineCulture",
      ],
      "q_leuk_followup_general": [
        "dipslide",
        "urineSediment",
        "urineCulture",
      ],
      "q_leuk_population": [
        "cad",
        "child",
        "elderlySymptomatic",
        "elderlyAsymptomatic",
        "none",
      ],
    },
    "questionIds": [
      "q_leuk_population",
      "q_leuk_followup_general",
      "q_leuk_followup_child",
    ],
    "resultKeys": [
      "leukocytes.cad",
      "leukocytes.dipslide",
      "leukocytes.noCulture",
      "leukocytes.urineCulture",
      "leukocytes.urineSediment",
    ],
    "rules": [
      {
        "actionType": "showResult",
        "id": "leukocyturie-rule-1",
        "redirectToQuestionnaire": undefined,
        "resultKey": "leukocytes.cad",
      },
      {
        "actionType": "showResult",
        "id": "leukocyturie-rule-2",
        "redirectToQuestionnaire": undefined,
        "resultKey": "leukocytes.noCulture",
      },
      {
        "actionType": "showResult",
        "id": "leukocyturie-rule-3",
        "redirectToQuestionnaire": undefined,
        "resultKey": "leukocytes.urineCulture",
      },
      {
        "actionType": "showResult",
        "id": "leukocyturie-rule-4",
        "redirectToQuestionnaire": undefined,
        "resultKey": "leukocytes.dipslide",
      },
      {
        "actionType": "showResult",
        "id": "leukocyturie-rule-5",
        "redirectToQuestionnaire": undefined,
        "resultKey": "leukocytes.urineSediment",
      },
      {
        "actionType": "showResult",
        "id": "leukocyturie-rule-6",
        "redirectToQuestionnaire": undefined,
        "resultKey": "leukocytes.urineCulture",
      },
      {
        "actionType": "showResult",
        "id": "leukocyturie-rule-7",
        "redirectToQuestionnaire": undefined,
        "resultKey": "leukocytes.dipslide",
      },
      {
        "actionType": "showResult",
        "id": "leukocyturie-rule-8",
        "redirectToQuestionnaire": undefined,
        "resultKey": "leukocytes.urineCulture",
      },
    ],
    "version": "1",
  },
  {
    "hiddenFromLandingPage": false,
    "id": "sediment",
    "optionValues": {
      "q_sed_bacteruria": [
        "positive",
        "contaminated",
        "negative",
      ],
    },
    "questionIds": [
      "q_sed_bacteruria",
    ],
    "resultKeys": [
      "other.contaminatedSediment",
      "other.noConclusiveAbnormality",
    ],
    "rules": [
      {
        "actionType": "redirectToQuestionnaire",
        "id": "sediment-rule-1",
        "redirectToQuestionnaire": "bacteriurie",
        "resultKey": undefined,
      },
      {
        "actionType": "showResult",
        "id": "sediment-rule-2",
        "redirectToQuestionnaire": undefined,
        "resultKey": "other.contaminatedSediment",
      },
      {
        "actionType": "showResult",
        "id": "sediment-rule-3",
        "redirectToQuestionnaire": undefined,
        "resultKey": "other.noConclusiveAbnormality",
      },
    ],
    "version": "1",
  },
  {
    "hiddenFromLandingPage": false,
    "id": "strip",
    "optionValues": {
      "q_strip_ery": [
        "positive_1",
        "positive_2",
        "positive_3",
        "positive_4",
        "negative",
      ],
      "q_strip_leuko": [
        "positive_1",
        "positive_2",
        "positive_3",
        "negative",
      ],
      "q_strip_nitrite": [
        "positive",
        "negative",
      ],
    },
    "questionIds": [
      "q_strip_nitrite",
      "q_strip_leuko",
      "q_strip_ery",
    ],
    "resultKeys": [
      "other.noConclusiveAbnormality",
    ],
    "rules": [
      {
        "actionType": "redirectToQuestionnaire",
        "id": "strip-rule-1",
        "redirectToQuestionnaire": "bacteriurie",
        "resultKey": undefined,
      },
      {
        "actionType": "redirectToQuestionnaire",
        "id": "strip-rule-2",
        "redirectToQuestionnaire": "leukocyturie",
        "resultKey": undefined,
      },
      {
        "actionType": "redirectToQuestionnaire",
        "id": "strip-rule-3",
        "redirectToQuestionnaire": "hematurie",
        "resultKey": undefined,
      },
      {
        "actionType": "showResult",
        "id": "strip-rule-4",
        "redirectToQuestionnaire": undefined,
        "resultKey": "other.noConclusiveAbnormality",
      },
    ],
    "version": "1",
  },
]
`;
